// Jest Snapshot v1, https://goo.gl/fbAQLP

exports[` 1`] = `"prepare - 8GgComOwv1DFdExn6TA8dk0FWQM="`;

exports[` 2`] = `"run - TvveMfGLubcwBWnFQ0M0Hnh/dIA="`;

exports[` 3`] = `"{"changes":4}"`;

exports[` 4`] = `"exec - tPJzcQ+ayFjooYpRKTUejyeGkeI="`;

exports[` 5`] = `"{"command":"SET","rowCount":null,"oid":null,"rows":[],"fields":[],"_types":{"_types":{"arrayParser":{},"builtins":{"BOOL":16,"BYTEA":17,"CHAR":18,"INT8":20,"INT2":21,"INT4":23,"REGPROC":24,"TEXT":25,"OID":26,"TID":27,"XID":28,"CID":29,"JSON":114,"XML":142,"PG_NODE_TREE":194,"SMGR":210,"PATH":602,"POLYGON":604,"CIDR":650,"FLOAT4":700,"FLOAT8":701,"ABSTIME":702,"RELTIME":703,"TINTERVAL":704,"CIRCLE":718,"MACADDR8":774,"MONEY":790,"MACADDR":829,"INET":869,"ACLITEM":1033,"BPCHAR":1042,"VARCHAR":1043,"DATE":1082,"TIME":1083,"TIMESTAMP":1114,"TIMESTAMPTZ":1184,"INTERVAL":1186,"TIMETZ":1266,"BIT":1560,"VARBIT":1562,"NUMERIC":1700,"REFCURSOR":1790,"REGPROCEDURE":2202,"REGOPER":2203,"REGOPERATOR":2204,"REGCLASS":2205,"REGTYPE":2206,"UUID":2950,"TXID_SNAPSHOT":2970,"PG_LSN":3220,"PG_NDISTINCT":3361,"PG_DEPENDENCIES":3402,"TSVECTOR":3614,"TSQUERY":3615,"GTSVECTOR":3642,"REGCONFIG":3734,"REGDICTIONARY":3769,"JSONB":3802,"REGNAMESPACE":4089,"REGROLE":4096}},"text":{},"binary":{}},"RowCtor":null,"rowAsArray":false}"`;

exports[` 6`] = `"prepare - gWe5oPXPQ3XmEWlSa31doR4j2nc="`;

exports[` 7`] = `"all - kTjdZfiiPc+sbBOps1XCuu0aYrM="`;

exports[` 8`] = `"[{"collname":"en-x-icu"}]"`;

exports[` 9`] = `"exec - swFX3mSaTpBcIO4VaMo4btiduC8="`;

exports[` 10`] = `"{"command":"BEGIN","rowCount":null,"oid":null,"rows":[],"fields":[],"_types":{"_types":{"arrayParser":{},"builtins":{"BOOL":16,"BYTEA":17,"CHAR":18,"INT8":20,"INT2":21,"INT4":23,"REGPROC":24,"TEXT":25,"OID":26,"TID":27,"XID":28,"CID":29,"JSON":114,"XML":142,"PG_NODE_TREE":194,"SMGR":210,"PATH":602,"POLYGON":604,"CIDR":650,"FLOAT4":700,"FLOAT8":701,"ABSTIME":702,"RELTIME":703,"TINTERVAL":704,"CIRCLE":718,"MACADDR8":774,"MONEY":790,"MACADDR":829,"INET":869,"ACLITEM":1033,"BPCHAR":1042,"VARCHAR":1043,"DATE":1082,"TIME":1083,"TIMESTAMP":1114,"TIMESTAMPTZ":1184,"INTERVAL":1186,"TIMETZ":1266,"BIT":1560,"VARBIT":1562,"NUMERIC":1700,"REFCURSOR":1790,"REGPROCEDURE":2202,"REGOPER":2203,"REGOPERATOR":2204,"REGCLASS":2205,"REGTYPE":2206,"UUID":2950,"TXID_SNAPSHOT":2970,"PG_LSN":3220,"PG_NDISTINCT":3361,"PG_DEPENDENCIES":3402,"TSVECTOR":3614,"TSQUERY":3615,"GTSVECTOR":3642,"REGCONFIG":3734,"REGDICTIONARY":3769,"JSONB":3802,"REGNAMESPACE":4089,"REGROLE":4096}},"text":{},"binary":{}},"RowCtor":null,"rowAsArray":false}"`;

exports[` 11`] = `"prepare - Yd0NcXlv/+rY8WumYVG4PSu5w1w="`;

exports[` 12`] = `"run - UUdcj0oDV17Ffi3tQ6LAx9SMd7Q="`;

exports[` 13`] = `"{"changes":null}"`;

exports[` 14`] = `"prepare - junCABYABBuJFDjLERFQJ/zdWfE="`;

exports[` 15`] = `"run - UUdcj0oDV17Ffi3tQ6LAx9SMd7Q="`;

exports[` 16`] = `"{"changes":null}"`;

exports[` 17`] = `"prepare - aWtmfONYCfSH2I6ULmLzl0bkNJo="`;

exports[` 18`] = `"run - UUdcj0oDV17Ffi3tQ6LAx9SMd7Q="`;

exports[` 19`] = `"{"changes":null}"`;

exports[` 20`] = `"prepare - s3WE1LFVcPU5ySiFvR/S+8yUUkQ="`;

exports[` 21`] = `"run - UUdcj0oDV17Ffi3tQ6LAx9SMd7Q="`;

exports[` 22`] = `"{"changes":null}"`;

exports[` 23`] = `"prepare - m4zo+rqGjAj/35v/rY9cEbxynyM="`;

exports[` 24`] = `"run - UUdcj0oDV17Ffi3tQ6LAx9SMd7Q="`;

exports[` 25`] = `"{"changes":null}"`;

exports[` 26`] = `"prepare - aGpUBQAnUHSUg5GmHBkG5pYcZ/s="`;

exports[` 27`] = `"run - UUdcj0oDV17Ffi3tQ6LAx9SMd7Q="`;

exports[` 28`] = `"{"changes":null}"`;

exports[` 29`] = `"prepare - COxF4cnk9BwQTsTUtomPlbQJamg="`;

exports[` 30`] = `"run - UUdcj0oDV17Ffi3tQ6LAx9SMd7Q="`;

exports[` 31`] = `"{"changes":null}"`;

exports[` 32`] = `"prepare - EVnhGDHoDcRm9PfeL8UIB+AWdlc="`;

exports[` 33`] = `"run - UUdcj0oDV17Ffi3tQ6LAx9SMd7Q="`;

exports[` 34`] = `"{"changes":null}"`;

exports[` 35`] = `"prepare - upe6ZWOTBBjXlxlbgZOqYUvhDTk="`;

exports[` 36`] = `"run - UUdcj0oDV17Ffi3tQ6LAx9SMd7Q="`;

exports[` 37`] = `"{"changes":null}"`;

exports[` 38`] = `"prepare - jrUsAPPgyJKkbgHWiA7JxPJ+11Y="`;

exports[` 39`] = `"run - UUdcj0oDV17Ffi3tQ6LAx9SMd7Q="`;

exports[` 40`] = `"{"changes":null}"`;

exports[` 41`] = `"prepare - h/z6rzTDJLvUeDv5x43lcX3+h2k="`;

exports[` 42`] = `"run - UUdcj0oDV17Ffi3tQ6LAx9SMd7Q="`;

exports[` 43`] = `"{"changes":null}"`;

exports[` 44`] = `"prepare - 7OaHbZFHg5ZPLP2bvedgPXE7dto="`;

exports[` 45`] = `"run - UUdcj0oDV17Ffi3tQ6LAx9SMd7Q="`;

exports[` 46`] = `"{"changes":null}"`;

exports[` 47`] = `"prepare - HqfRJoFCIzuY1IMwJYaAoM6Rmps="`;

exports[` 48`] = `"run - UUdcj0oDV17Ffi3tQ6LAx9SMd7Q="`;

exports[` 49`] = `"{"changes":null}"`;

exports[` 50`] = `"prepare - 231wU5zs6ZcNxBRiTjrNDG4F8ZE="`;

exports[` 51`] = `"run - UUdcj0oDV17Ffi3tQ6LAx9SMd7Q="`;

exports[` 52`] = `"{"changes":null}"`;

exports[` 53`] = `"prepare - ZCark3CCSaOxSBre+xiE90ts4Vw="`;

exports[` 54`] = `"run - UUdcj0oDV17Ffi3tQ6LAx9SMd7Q="`;

exports[` 55`] = `"{"changes":null}"`;

exports[` 56`] = `"prepare - VQXoJ1P/R8hkz0tDdQXbJyAOcJk="`;

exports[` 57`] = `"run - UUdcj0oDV17Ffi3tQ6LAx9SMd7Q="`;

exports[` 58`] = `"{"changes":null}"`;

exports[` 59`] = `"prepare - pDW/KyIkGDK27rQQ0fjTTE2/gbo="`;

exports[` 60`] = `"run - UUdcj0oDV17Ffi3tQ6LAx9SMd7Q="`;

exports[` 61`] = `"{"changes":null}"`;

exports[` 62`] = `"prepare - NeW3fDxDy8PvAi3Jm0pjUM3CyY4="`;

exports[` 63`] = `"run - UUdcj0oDV17Ffi3tQ6LAx9SMd7Q="`;

exports[` 64`] = `"{"changes":null}"`;

exports[` 65`] = `"prepare - tOdj5/5/GIIB7l3/fT8z93VD+x4="`;

exports[` 66`] = `"run - UUdcj0oDV17Ffi3tQ6LAx9SMd7Q="`;

exports[` 67`] = `"{"changes":null}"`;

exports[` 68`] = `"prepare - oFMrTzNcxKWhjCvi9wsL1crmXxA="`;

exports[` 69`] = `"run - UUdcj0oDV17Ffi3tQ6LAx9SMd7Q="`;

exports[` 70`] = `"{"changes":null}"`;

exports[` 71`] = `"prepare - 4nSWU5k6t4I/ewEgrqGJBpXNCl0="`;

exports[` 72`] = `"run - UUdcj0oDV17Ffi3tQ6LAx9SMd7Q="`;

exports[` 73`] = `"{"changes":null}"`;

exports[` 74`] = `"prepare - WB127VcdG8ZffmKb8Aglh3uDwHs="`;

exports[` 75`] = `"run - UUdcj0oDV17Ffi3tQ6LAx9SMd7Q="`;

exports[` 76`] = `"{"changes":null}"`;

exports[` 77`] = `"prepare - QcmX3UoTJquv7ynW4PPaeDCU41U="`;

exports[` 78`] = `"run - UUdcj0oDV17Ffi3tQ6LAx9SMd7Q="`;

exports[` 79`] = `"{"changes":null}"`;

exports[` 80`] = `"prepare - W7UarTobFFtukhYRiY/Pni/VzWE="`;

exports[` 81`] = `"run - UUdcj0oDV17Ffi3tQ6LAx9SMd7Q="`;

exports[` 82`] = `"{"changes":null}"`;

exports[` 83`] = `"prepare - uLCYyA1YIiQH6EA4RGqdIa2oM14="`;

exports[` 84`] = `"run - UUdcj0oDV17Ffi3tQ6LAx9SMd7Q="`;

exports[` 85`] = `"{"changes":null}"`;

exports[` 86`] = `"prepare - DGdcYiNcDDJHnWK0aacDnjpryR0="`;

exports[` 87`] = `"run - UUdcj0oDV17Ffi3tQ6LAx9SMd7Q="`;

exports[` 88`] = `"{"changes":null}"`;

exports[` 89`] = `"prepare - 77SzXnno3FdZUw2DycMf/hUqzL8="`;

exports[` 90`] = `"run - UUdcj0oDV17Ffi3tQ6LAx9SMd7Q="`;

exports[` 91`] = `"{"changes":null}"`;

exports[` 92`] = `"exec - mvfei0i6/P7jaJW/2LTxQWnJXeI="`;

exports[` 93`] = `"{"command":"COMMIT","rowCount":null,"oid":null,"rows":[],"fields":[],"_types":{"_types":{"arrayParser":{},"builtins":{"BOOL":16,"BYTEA":17,"CHAR":18,"INT8":20,"INT2":21,"INT4":23,"REGPROC":24,"TEXT":25,"OID":26,"TID":27,"XID":28,"CID":29,"JSON":114,"XML":142,"PG_NODE_TREE":194,"SMGR":210,"PATH":602,"POLYGON":604,"CIDR":650,"FLOAT4":700,"FLOAT8":701,"ABSTIME":702,"RELTIME":703,"TINTERVAL":704,"CIRCLE":718,"MACADDR8":774,"MONEY":790,"MACADDR":829,"INET":869,"ACLITEM":1033,"BPCHAR":1042,"VARCHAR":1043,"DATE":1082,"TIME":1083,"TIMESTAMP":1114,"TIMESTAMPTZ":1184,"INTERVAL":1186,"TIMETZ":1266,"BIT":1560,"VARBIT":1562,"NUMERIC":1700,"REFCURSOR":1790,"REGPROCEDURE":2202,"REGOPER":2203,"REGOPERATOR":2204,"REGCLASS":2205,"REGTYPE":2206,"UUID":2950,"TXID_SNAPSHOT":2970,"PG_LSN":3220,"PG_NDISTINCT":3361,"PG_DEPENDENCIES":3402,"TSVECTOR":3614,"TSQUERY":3615,"GTSVECTOR":3642,"REGCONFIG":3734,"REGDICTIONARY":3769,"JSONB":3802,"REGNAMESPACE":4089,"REGROLE":4096}},"text":{},"binary":{}},"RowCtor":null,"rowAsArray":false}"`;

exports[` 94`] = `"prepare - 8GgComOwv1DFdExn6TA8dk0FWQM="`;

exports[` 95`] = `"run - TvveMfGLubcwBWnFQ0M0Hnh/dIA="`;

exports[` 96`] = `"{"changes":4}"`;

exports[` 97`] = `"exec - tPJzcQ+ayFjooYpRKTUejyeGkeI="`;

exports[` 98`] = `"{"command":"SET","rowCount":null,"oid":null,"rows":[],"fields":[],"_types":{"_types":{"arrayParser":{},"builtins":{"BOOL":16,"BYTEA":17,"CHAR":18,"INT8":20,"INT2":21,"INT4":23,"REGPROC":24,"TEXT":25,"OID":26,"TID":27,"XID":28,"CID":29,"JSON":114,"XML":142,"PG_NODE_TREE":194,"SMGR":210,"PATH":602,"POLYGON":604,"CIDR":650,"FLOAT4":700,"FLOAT8":701,"ABSTIME":702,"RELTIME":703,"TINTERVAL":704,"CIRCLE":718,"MACADDR8":774,"MONEY":790,"MACADDR":829,"INET":869,"ACLITEM":1033,"BPCHAR":1042,"VARCHAR":1043,"DATE":1082,"TIME":1083,"TIMESTAMP":1114,"TIMESTAMPTZ":1184,"INTERVAL":1186,"TIMETZ":1266,"BIT":1560,"VARBIT":1562,"NUMERIC":1700,"REFCURSOR":1790,"REGPROCEDURE":2202,"REGOPER":2203,"REGOPERATOR":2204,"REGCLASS":2205,"REGTYPE":2206,"UUID":2950,"TXID_SNAPSHOT":2970,"PG_LSN":3220,"PG_NDISTINCT":3361,"PG_DEPENDENCIES":3402,"TSVECTOR":3614,"TSQUERY":3615,"GTSVECTOR":3642,"REGCONFIG":3734,"REGDICTIONARY":3769,"JSONB":3802,"REGNAMESPACE":4089,"REGROLE":4096}},"text":{},"binary":{}},"RowCtor":null,"rowAsArray":false}"`;

exports[` 99`] = `"prepare - gWe5oPXPQ3XmEWlSa31doR4j2nc="`;

exports[` 100`] = `"all - kTjdZfiiPc+sbBOps1XCuu0aYrM="`;

exports[` 101`] = `"[{"collname":"en-x-icu"}]"`;

exports[` 102`] = `"exec - swFX3mSaTpBcIO4VaMo4btiduC8="`;

exports[` 103`] = `"{"command":"BEGIN","rowCount":null,"oid":null,"rows":[],"fields":[],"_types":{"_types":{"arrayParser":{},"builtins":{"BOOL":16,"BYTEA":17,"CHAR":18,"INT8":20,"INT2":21,"INT4":23,"REGPROC":24,"TEXT":25,"OID":26,"TID":27,"XID":28,"CID":29,"JSON":114,"XML":142,"PG_NODE_TREE":194,"SMGR":210,"PATH":602,"POLYGON":604,"CIDR":650,"FLOAT4":700,"FLOAT8":701,"ABSTIME":702,"RELTIME":703,"TINTERVAL":704,"CIRCLE":718,"MACADDR8":774,"MONEY":790,"MACADDR":829,"INET":869,"ACLITEM":1033,"BPCHAR":1042,"VARCHAR":1043,"DATE":1082,"TIME":1083,"TIMESTAMP":1114,"TIMESTAMPTZ":1184,"INTERVAL":1186,"TIMETZ":1266,"BIT":1560,"VARBIT":1562,"NUMERIC":1700,"REFCURSOR":1790,"REGPROCEDURE":2202,"REGOPER":2203,"REGOPERATOR":2204,"REGCLASS":2205,"REGTYPE":2206,"UUID":2950,"TXID_SNAPSHOT":2970,"PG_LSN":3220,"PG_NDISTINCT":3361,"PG_DEPENDENCIES":3402,"TSVECTOR":3614,"TSQUERY":3615,"GTSVECTOR":3642,"REGCONFIG":3734,"REGDICTIONARY":3769,"JSONB":3802,"REGNAMESPACE":4089,"REGROLE":4096}},"text":{},"binary":{}},"RowCtor":null,"rowAsArray":false}"`;

exports[` 104`] = `"prepare - HhmYGJPwlOyJu0DoJMNsL/Upx7w="`;

exports[` 105`] = `"run - G0ArkxemXZsNuGWChJ3aculMNvE="`;

exports[` 106`] = `"{"changes":11}"`;

exports[` 107`] = `"prepare - 62rEFsUT4K1jcC07moENpWBLlVw="`;

exports[` 108`] = `"run - kx3XRRjF5MUudiODym4oA19OBAI="`;

exports[` 109`] = `"{"changes":6}"`;

exports[` 110`] = `"prepare - xuACX/bPQmsLzlfbwimRj2JjDGU="`;

exports[` 111`] = `"run - yE00xcYtGUdMgCXuna/P2lDo12Y="`;

exports[` 112`] = `"{"changes":1}"`;

exports[` 113`] = `"exec - mvfei0i6/P7jaJW/2LTxQWnJXeI="`;

exports[` 114`] = `"{"command":"COMMIT","rowCount":null,"oid":null,"rows":[],"fields":[],"_types":{"_types":{"arrayParser":{},"builtins":{"BOOL":16,"BYTEA":17,"CHAR":18,"INT8":20,"INT2":21,"INT4":23,"REGPROC":24,"TEXT":25,"OID":26,"TID":27,"XID":28,"CID":29,"JSON":114,"XML":142,"PG_NODE_TREE":194,"SMGR":210,"PATH":602,"POLYGON":604,"CIDR":650,"FLOAT4":700,"FLOAT8":701,"ABSTIME":702,"RELTIME":703,"TINTERVAL":704,"CIRCLE":718,"MACADDR8":774,"MONEY":790,"MACADDR":829,"INET":869,"ACLITEM":1033,"BPCHAR":1042,"VARCHAR":1043,"DATE":1082,"TIME":1083,"TIMESTAMP":1114,"TIMESTAMPTZ":1184,"INTERVAL":1186,"TIMETZ":1266,"BIT":1560,"VARBIT":1562,"NUMERIC":1700,"REFCURSOR":1790,"REGPROCEDURE":2202,"REGOPER":2203,"REGOPERATOR":2204,"REGCLASS":2205,"REGTYPE":2206,"UUID":2950,"TXID_SNAPSHOT":2970,"PG_LSN":3220,"PG_NDISTINCT":3361,"PG_DEPENDENCIES":3402,"TSVECTOR":3614,"TSQUERY":3615,"GTSVECTOR":3642,"REGCONFIG":3734,"REGDICTIONARY":3769,"JSONB":3802,"REGNAMESPACE":4089,"REGROLE":4096}},"text":{},"binary":{}},"RowCtor":null,"rowAsArray":false}"`;

exports[`CAP PostgreSQL Adapter Timezone Handling should respect db users timezone settings 1`] = `"prepare - 8GgComOwv1DFdExn6TA8dk0FWQM="`;

exports[`CAP PostgreSQL Adapter Timezone Handling should respect db users timezone settings 2`] = `"run - TvveMfGLubcwBWnFQ0M0Hnh/dIA="`;

exports[`CAP PostgreSQL Adapter Timezone Handling should respect db users timezone settings 3`] = `"{"changes":4}"`;

exports[`CAP PostgreSQL Adapter Timezone Handling should respect db users timezone settings 4`] = `"exec - tPJzcQ+ayFjooYpRKTUejyeGkeI="`;

exports[`CAP PostgreSQL Adapter Timezone Handling should respect db users timezone settings 5`] = `"{"command":"SET","rowCount":null,"oid":null,"rows":[],"fields":[],"_types":{"_types":{"arrayParser":{},"builtins":{"BOOL":16,"BYTEA":17,"CHAR":18,"INT8":20,"INT2":21,"INT4":23,"REGPROC":24,"TEXT":25,"OID":26,"TID":27,"XID":28,"CID":29,"JSON":114,"XML":142,"PG_NODE_TREE":194,"SMGR":210,"PATH":602,"POLYGON":604,"CIDR":650,"FLOAT4":700,"FLOAT8":701,"ABSTIME":702,"RELTIME":703,"TINTERVAL":704,"CIRCLE":718,"MACADDR8":774,"MONEY":790,"MACADDR":829,"INET":869,"ACLITEM":1033,"BPCHAR":1042,"VARCHAR":1043,"DATE":1082,"TIME":1083,"TIMESTAMP":1114,"TIMESTAMPTZ":1184,"INTERVAL":1186,"TIMETZ":1266,"BIT":1560,"VARBIT":1562,"NUMERIC":1700,"REFCURSOR":1790,"REGPROCEDURE":2202,"REGOPER":2203,"REGOPERATOR":2204,"REGCLASS":2205,"REGTYPE":2206,"UUID":2950,"TXID_SNAPSHOT":2970,"PG_LSN":3220,"PG_NDISTINCT":3361,"PG_DEPENDENCIES":3402,"TSVECTOR":3614,"TSQUERY":3615,"GTSVECTOR":3642,"REGCONFIG":3734,"REGDICTIONARY":3769,"JSONB":3802,"REGNAMESPACE":4089,"REGROLE":4096}},"text":{},"binary":{}},"RowCtor":null,"rowAsArray":false}"`;

exports[`CAP PostgreSQL Adapter Timezone Handling should respect db users timezone settings 6`] = `"prepare - gWe5oPXPQ3XmEWlSa31doR4j2nc="`;

exports[`CAP PostgreSQL Adapter Timezone Handling should respect db users timezone settings 7`] = `"all - kTjdZfiiPc+sbBOps1XCuu0aYrM="`;

exports[`CAP PostgreSQL Adapter Timezone Handling should respect db users timezone settings 8`] = `"[{"collname":"en-x-icu"}]"`;

exports[`CAP PostgreSQL Adapter Timezone Handling should respect db users timezone settings 9`] = `"exec - swFX3mSaTpBcIO4VaMo4btiduC8="`;

exports[`CAP PostgreSQL Adapter Timezone Handling should respect db users timezone settings 10`] = `"{"command":"BEGIN","rowCount":null,"oid":null,"rows":[],"fields":[],"_types":{"_types":{"arrayParser":{},"builtins":{"BOOL":16,"BYTEA":17,"CHAR":18,"INT8":20,"INT2":21,"INT4":23,"REGPROC":24,"TEXT":25,"OID":26,"TID":27,"XID":28,"CID":29,"JSON":114,"XML":142,"PG_NODE_TREE":194,"SMGR":210,"PATH":602,"POLYGON":604,"CIDR":650,"FLOAT4":700,"FLOAT8":701,"ABSTIME":702,"RELTIME":703,"TINTERVAL":704,"CIRCLE":718,"MACADDR8":774,"MONEY":790,"MACADDR":829,"INET":869,"ACLITEM":1033,"BPCHAR":1042,"VARCHAR":1043,"DATE":1082,"TIME":1083,"TIMESTAMP":1114,"TIMESTAMPTZ":1184,"INTERVAL":1186,"TIMETZ":1266,"BIT":1560,"VARBIT":1562,"NUMERIC":1700,"REFCURSOR":1790,"REGPROCEDURE":2202,"REGOPER":2203,"REGOPERATOR":2204,"REGCLASS":2205,"REGTYPE":2206,"UUID":2950,"TXID_SNAPSHOT":2970,"PG_LSN":3220,"PG_NDISTINCT":3361,"PG_DEPENDENCIES":3402,"TSVECTOR":3614,"TSQUERY":3615,"GTSVECTOR":3642,"REGCONFIG":3734,"REGDICTIONARY":3769,"JSONB":3802,"REGNAMESPACE":4089,"REGROLE":4096}},"text":{},"binary":{}},"RowCtor":null,"rowAsArray":false}"`;

exports[`CAP PostgreSQL Adapter Timezone Handling should respect db users timezone settings 11`] = `"prepare - QeD2fiwLbXjjgzPau7DdQ/O4rGc="`;

exports[`CAP PostgreSQL Adapter Timezone Handling should respect db users timezone settings 12`] = `"run - kTjdZfiiPc+sbBOps1XCuu0aYrM="`;

exports[`CAP PostgreSQL Adapter Timezone Handling should respect db users timezone settings 13`] = `"{"changes":11}"`;

exports[`CAP PostgreSQL Adapter Timezone Handling should respect db users timezone settings 14`] = `"prepare - +HKwrshoTJD1Hjh5riUf4kFYEdc="`;

exports[`CAP PostgreSQL Adapter Timezone Handling should respect db users timezone settings 15`] = `"all - kTjdZfiiPc+sbBOps1XCuu0aYrM="`;

exports[`CAP PostgreSQL Adapter Timezone Handling should respect db users timezone settings 16`] = `"[{"_json_":{"ID":"9c937100-d459-491f-a72d-81b2929af10f","beers":[]}},{"_json_":{"ID":"fa6b959e-3a01-40ef-872e-6030ee4de4e5","beers":[]}},{"_json_":{"ID":"6832ba00-c20e-48b4-a685-dca4aff2ca13","beers":[]}},{"_json_":{"ID":"d265037f-4996-4195-a1fb-b0a8ab5c6f30","beers":[]}},{"_json_":{"ID":"4aeebbed-90c2-4bdd-aa70-d8eecb8eaebb","beers":[]}},{"_json_":{"ID":"0465e9ca-6255-4f5c-b8ba-7439531f8d28","beers":[]}}]"`;

exports[`CAP PostgreSQL Adapter Timezone Handling should respect db users timezone settings 17`] = `"prepare - RlADMT+7D/lJRlk9Md/doKShUt0="`;

exports[`CAP PostgreSQL Adapter Timezone Handling should respect db users timezone settings 18`] = `"run - kTjdZfiiPc+sbBOps1XCuu0aYrM="`;

exports[`CAP PostgreSQL Adapter Timezone Handling should respect db users timezone settings 19`] = `"{"changes":1}"`;

exports[`CAP PostgreSQL Adapter Timezone Handling should respect db users timezone settings 20`] = `"prepare - VZB88nVsTHH37c8jfZL2k8WZRUQ="`;

exports[`CAP PostgreSQL Adapter Timezone Handling should respect db users timezone settings 21`] = `"run - kTjdZfiiPc+sbBOps1XCuu0aYrM="`;

exports[`CAP PostgreSQL Adapter Timezone Handling should respect db users timezone settings 22`] = `"{"changes":0}"`;

exports[`CAP PostgreSQL Adapter Timezone Handling should respect db users timezone settings 23`] = `"prepare - dQwwiRnqkvFtutYVZO5TLT9rQiU="`;

exports[`CAP PostgreSQL Adapter Timezone Handling should respect db users timezone settings 24`] = `"run - kTjdZfiiPc+sbBOps1XCuu0aYrM="`;

exports[`CAP PostgreSQL Adapter Timezone Handling should respect db users timezone settings 25`] = `"{"changes":0}"`;

exports[`CAP PostgreSQL Adapter Timezone Handling should respect db users timezone settings 26`] = `"prepare - ZDqs89Y3SWj1umjbYj7iP0nQWLA="`;

exports[`CAP PostgreSQL Adapter Timezone Handling should respect db users timezone settings 27`] = `"run - 9cmj3bvYWorJ7CdkkOUEvo+sMSA="`;

exports[`CAP PostgreSQL Adapter Timezone Handling should respect db users timezone settings 28`] = `"{"changes":1}"`;

exports[`CAP PostgreSQL Adapter Timezone Handling should respect db users timezone settings 29`] = `"prepare - ZDqs89Y3SWj1umjbYj7iP0nQWLA="`;

exports[`CAP PostgreSQL Adapter Timezone Handling should respect db users timezone settings 30`] = `"run - 3iQmgXCFbbGH7lHWYzRV1osUC2M="`;

exports[`CAP PostgreSQL Adapter Timezone Handling should respect db users timezone settings 31`] = `"{"changes":1}"`;

exports[`CAP PostgreSQL Adapter Timezone Handling should respect db users timezone settings 32`] = `"prepare - ZDqs89Y3SWj1umjbYj7iP0nQWLA="`;

exports[`CAP PostgreSQL Adapter Timezone Handling should respect db users timezone settings 33`] = `"run - 1pzn5Sx6L9NKp/B5JZdrIwtD2es="`;

exports[`CAP PostgreSQL Adapter Timezone Handling should respect db users timezone settings 34`] = `"{"changes":1}"`;

exports[`CAP PostgreSQL Adapter Timezone Handling should respect db users timezone settings 35`] = `"prepare - ZDqs89Y3SWj1umjbYj7iP0nQWLA="`;

exports[`CAP PostgreSQL Adapter Timezone Handling should respect db users timezone settings 36`] = `"run - hqXhQMGxd1GCbE/mpVEIvJvR4g8="`;

exports[`CAP PostgreSQL Adapter Timezone Handling should respect db users timezone settings 37`] = `"{"changes":1}"`;

exports[`CAP PostgreSQL Adapter Timezone Handling should respect db users timezone settings 38`] = `"prepare - ZDqs89Y3SWj1umjbYj7iP0nQWLA="`;

exports[`CAP PostgreSQL Adapter Timezone Handling should respect db users timezone settings 39`] = `"run - ayjvXEeUfivchtStWaEyvLkv/a8="`;

exports[`CAP PostgreSQL Adapter Timezone Handling should respect db users timezone settings 40`] = `"{"changes":1}"`;

exports[`CAP PostgreSQL Adapter Timezone Handling should respect db users timezone settings 41`] = `"prepare - ZDqs89Y3SWj1umjbYj7iP0nQWLA="`;

exports[`CAP PostgreSQL Adapter Timezone Handling should respect db users timezone settings 42`] = `"run - DMTCJcAGITQZFM9OgtB5AwkarmI="`;

exports[`CAP PostgreSQL Adapter Timezone Handling should respect db users timezone settings 43`] = `"{"changes":1}"`;

exports[`CAP PostgreSQL Adapter Timezone Handling should respect db users timezone settings 44`] = `"exec - mvfei0i6/P7jaJW/2LTxQWnJXeI="`;

exports[`CAP PostgreSQL Adapter Timezone Handling should respect db users timezone settings 45`] = `"{"command":"COMMIT","rowCount":null,"oid":null,"rows":[],"fields":[],"_types":{"_types":{"arrayParser":{},"builtins":{"BOOL":16,"BYTEA":17,"CHAR":18,"INT8":20,"INT2":21,"INT4":23,"REGPROC":24,"TEXT":25,"OID":26,"TID":27,"XID":28,"CID":29,"JSON":114,"XML":142,"PG_NODE_TREE":194,"SMGR":210,"PATH":602,"POLYGON":604,"CIDR":650,"FLOAT4":700,"FLOAT8":701,"ABSTIME":702,"RELTIME":703,"TINTERVAL":704,"CIRCLE":718,"MACADDR8":774,"MONEY":790,"MACADDR":829,"INET":869,"ACLITEM":1033,"BPCHAR":1042,"VARCHAR":1043,"DATE":1082,"TIME":1083,"TIMESTAMP":1114,"TIMESTAMPTZ":1184,"INTERVAL":1186,"TIMETZ":1266,"BIT":1560,"VARBIT":1562,"NUMERIC":1700,"REFCURSOR":1790,"REGPROCEDURE":2202,"REGOPER":2203,"REGOPERATOR":2204,"REGCLASS":2205,"REGTYPE":2206,"UUID":2950,"TXID_SNAPSHOT":2970,"PG_LSN":3220,"PG_NDISTINCT":3361,"PG_DEPENDENCIES":3402,"TSVECTOR":3614,"TSQUERY":3615,"GTSVECTOR":3642,"REGCONFIG":3734,"REGDICTIONARY":3769,"JSONB":3802,"REGNAMESPACE":4089,"REGROLE":4096}},"text":{},"binary":{}},"RowCtor":null,"rowAsArray":false}"`;

exports[`CAP PostgreSQL Adapter Timezone Handling should respect db users timezone settings 46`] = `"prepare - 8GgComOwv1DFdExn6TA8dk0FWQM="`;

exports[`CAP PostgreSQL Adapter Timezone Handling should respect db users timezone settings 47`] = `"run - TvveMfGLubcwBWnFQ0M0Hnh/dIA="`;

exports[`CAP PostgreSQL Adapter Timezone Handling should respect db users timezone settings 48`] = `"{"changes":4}"`;

exports[`CAP PostgreSQL Adapter Timezone Handling should respect db users timezone settings 49`] = `"exec - tPJzcQ+ayFjooYpRKTUejyeGkeI="`;

exports[`CAP PostgreSQL Adapter Timezone Handling should respect db users timezone settings 50`] = `"{"command":"SET","rowCount":null,"oid":null,"rows":[],"fields":[],"_types":{"_types":{"arrayParser":{},"builtins":{"BOOL":16,"BYTEA":17,"CHAR":18,"INT8":20,"INT2":21,"INT4":23,"REGPROC":24,"TEXT":25,"OID":26,"TID":27,"XID":28,"CID":29,"JSON":114,"XML":142,"PG_NODE_TREE":194,"SMGR":210,"PATH":602,"POLYGON":604,"CIDR":650,"FLOAT4":700,"FLOAT8":701,"ABSTIME":702,"RELTIME":703,"TINTERVAL":704,"CIRCLE":718,"MACADDR8":774,"MONEY":790,"MACADDR":829,"INET":869,"ACLITEM":1033,"BPCHAR":1042,"VARCHAR":1043,"DATE":1082,"TIME":1083,"TIMESTAMP":1114,"TIMESTAMPTZ":1184,"INTERVAL":1186,"TIMETZ":1266,"BIT":1560,"VARBIT":1562,"NUMERIC":1700,"REFCURSOR":1790,"REGPROCEDURE":2202,"REGOPER":2203,"REGOPERATOR":2204,"REGCLASS":2205,"REGTYPE":2206,"UUID":2950,"TXID_SNAPSHOT":2970,"PG_LSN":3220,"PG_NDISTINCT":3361,"PG_DEPENDENCIES":3402,"TSVECTOR":3614,"TSQUERY":3615,"GTSVECTOR":3642,"REGCONFIG":3734,"REGDICTIONARY":3769,"JSONB":3802,"REGNAMESPACE":4089,"REGROLE":4096}},"text":{},"binary":{}},"RowCtor":null,"rowAsArray":false}"`;

exports[`CAP PostgreSQL Adapter Timezone Handling should respect db users timezone settings 51`] = `"prepare - gWe5oPXPQ3XmEWlSa31doR4j2nc="`;

exports[`CAP PostgreSQL Adapter Timezone Handling should respect db users timezone settings 52`] = `"all - kTjdZfiiPc+sbBOps1XCuu0aYrM="`;

exports[`CAP PostgreSQL Adapter Timezone Handling should respect db users timezone settings 53`] = `"[{"collname":"en-x-icu"}]"`;

exports[`CAP PostgreSQL Adapter Timezone Handling should respect db users timezone settings 54`] = `"exec - swFX3mSaTpBcIO4VaMo4btiduC8="`;

exports[`CAP PostgreSQL Adapter Timezone Handling should respect db users timezone settings 55`] = `"{"command":"BEGIN","rowCount":null,"oid":null,"rows":[],"fields":[],"_types":{"_types":{"arrayParser":{},"builtins":{"BOOL":16,"BYTEA":17,"CHAR":18,"INT8":20,"INT2":21,"INT4":23,"REGPROC":24,"TEXT":25,"OID":26,"TID":27,"XID":28,"CID":29,"JSON":114,"XML":142,"PG_NODE_TREE":194,"SMGR":210,"PATH":602,"POLYGON":604,"CIDR":650,"FLOAT4":700,"FLOAT8":701,"ABSTIME":702,"RELTIME":703,"TINTERVAL":704,"CIRCLE":718,"MACADDR8":774,"MONEY":790,"MACADDR":829,"INET":869,"ACLITEM":1033,"BPCHAR":1042,"VARCHAR":1043,"DATE":1082,"TIME":1083,"TIMESTAMP":1114,"TIMESTAMPTZ":1184,"INTERVAL":1186,"TIMETZ":1266,"BIT":1560,"VARBIT":1562,"NUMERIC":1700,"REFCURSOR":1790,"REGPROCEDURE":2202,"REGOPER":2203,"REGOPERATOR":2204,"REGCLASS":2205,"REGTYPE":2206,"UUID":2950,"TXID_SNAPSHOT":2970,"PG_LSN":3220,"PG_NDISTINCT":3361,"PG_DEPENDENCIES":3402,"TSVECTOR":3614,"TSQUERY":3615,"GTSVECTOR":3642,"REGCONFIG":3734,"REGDICTIONARY":3769,"JSONB":3802,"REGNAMESPACE":4089,"REGROLE":4096}},"text":{},"binary":{}},"RowCtor":null,"rowAsArray":false}"`;

exports[`CAP PostgreSQL Adapter Timezone Handling should respect db users timezone settings 56`] = `"prepare - HhmYGJPwlOyJu0DoJMNsL/Upx7w="`;

exports[`CAP PostgreSQL Adapter Timezone Handling should respect db users timezone settings 57`] = `"run - G0ArkxemXZsNuGWChJ3aculMNvE="`;

exports[`CAP PostgreSQL Adapter Timezone Handling should respect db users timezone settings 58`] = `"{"changes":11}"`;

exports[`CAP PostgreSQL Adapter Timezone Handling should respect db users timezone settings 59`] = `"prepare - 62rEFsUT4K1jcC07moENpWBLlVw="`;

exports[`CAP PostgreSQL Adapter Timezone Handling should respect db users timezone settings 60`] = `"run - kx3XRRjF5MUudiODym4oA19OBAI="`;

exports[`CAP PostgreSQL Adapter Timezone Handling should respect db users timezone settings 61`] = `"{"changes":6}"`;

exports[`CAP PostgreSQL Adapter Timezone Handling should respect db users timezone settings 62`] = `"prepare - xuACX/bPQmsLzlfbwimRj2JjDGU="`;

exports[`CAP PostgreSQL Adapter Timezone Handling should respect db users timezone settings 63`] = `"run - yE00xcYtGUdMgCXuna/P2lDo12Y="`;

exports[`CAP PostgreSQL Adapter Timezone Handling should respect db users timezone settings 64`] = `"{"changes":1}"`;

exports[`CAP PostgreSQL Adapter Timezone Handling should respect db users timezone settings 65`] = `"exec - mvfei0i6/P7jaJW/2LTxQWnJXeI="`;

exports[`CAP PostgreSQL Adapter Timezone Handling should respect db users timezone settings 66`] = `"{"command":"COMMIT","rowCount":null,"oid":null,"rows":[],"fields":[],"_types":{"_types":{"arrayParser":{},"builtins":{"BOOL":16,"BYTEA":17,"CHAR":18,"INT8":20,"INT2":21,"INT4":23,"REGPROC":24,"TEXT":25,"OID":26,"TID":27,"XID":28,"CID":29,"JSON":114,"XML":142,"PG_NODE_TREE":194,"SMGR":210,"PATH":602,"POLYGON":604,"CIDR":650,"FLOAT4":700,"FLOAT8":701,"ABSTIME":702,"RELTIME":703,"TINTERVAL":704,"CIRCLE":718,"MACADDR8":774,"MONEY":790,"MACADDR":829,"INET":869,"ACLITEM":1033,"BPCHAR":1042,"VARCHAR":1043,"DATE":1082,"TIME":1083,"TIMESTAMP":1114,"TIMESTAMPTZ":1184,"INTERVAL":1186,"TIMETZ":1266,"BIT":1560,"VARBIT":1562,"NUMERIC":1700,"REFCURSOR":1790,"REGPROCEDURE":2202,"REGOPER":2203,"REGOPERATOR":2204,"REGCLASS":2205,"REGTYPE":2206,"UUID":2950,"TXID_SNAPSHOT":2970,"PG_LSN":3220,"PG_NDISTINCT":3361,"PG_DEPENDENCIES":3402,"TSVECTOR":3614,"TSQUERY":3615,"GTSVECTOR":3642,"REGCONFIG":3734,"REGDICTIONARY":3769,"JSONB":3802,"REGNAMESPACE":4089,"REGROLE":4096}},"text":{},"binary":{}},"RowCtor":null,"rowAsArray":false}"`;

exports[`CAP PostgreSQL Adapter Timezone Handling should respect db users timezone settings 67`] = `"prepare - 8GgComOwv1DFdExn6TA8dk0FWQM="`;

exports[`CAP PostgreSQL Adapter Timezone Handling should respect db users timezone settings 68`] = `"run - 9z2CHRWtWTGaIw0lKt9VRiGR/p0="`;

exports[`CAP PostgreSQL Adapter Timezone Handling should respect db users timezone settings 69`] = `"{"changes":4}"`;

exports[`CAP PostgreSQL Adapter Timezone Handling should respect db users timezone settings 70`] = `"exec - tPJzcQ+ayFjooYpRKTUejyeGkeI="`;

exports[`CAP PostgreSQL Adapter Timezone Handling should respect db users timezone settings 71`] = `"{"command":"SET","rowCount":null,"oid":null,"rows":[],"fields":[],"_types":{"_types":{"arrayParser":{},"builtins":{"BOOL":16,"BYTEA":17,"CHAR":18,"INT8":20,"INT2":21,"INT4":23,"REGPROC":24,"TEXT":25,"OID":26,"TID":27,"XID":28,"CID":29,"JSON":114,"XML":142,"PG_NODE_TREE":194,"SMGR":210,"PATH":602,"POLYGON":604,"CIDR":650,"FLOAT4":700,"FLOAT8":701,"ABSTIME":702,"RELTIME":703,"TINTERVAL":704,"CIRCLE":718,"MACADDR8":774,"MONEY":790,"MACADDR":829,"INET":869,"ACLITEM":1033,"BPCHAR":1042,"VARCHAR":1043,"DATE":1082,"TIME":1083,"TIMESTAMP":1114,"TIMESTAMPTZ":1184,"INTERVAL":1186,"TIMETZ":1266,"BIT":1560,"VARBIT":1562,"NUMERIC":1700,"REFCURSOR":1790,"REGPROCEDURE":2202,"REGOPER":2203,"REGOPERATOR":2204,"REGCLASS":2205,"REGTYPE":2206,"UUID":2950,"TXID_SNAPSHOT":2970,"PG_LSN":3220,"PG_NDISTINCT":3361,"PG_DEPENDENCIES":3402,"TSVECTOR":3614,"TSQUERY":3615,"GTSVECTOR":3642,"REGCONFIG":3734,"REGDICTIONARY":3769,"JSONB":3802,"REGNAMESPACE":4089,"REGROLE":4096}},"text":{},"binary":{}},"RowCtor":null,"rowAsArray":false}"`;

exports[`CAP PostgreSQL Adapter Timezone Handling should respect db users timezone settings 72`] = `"prepare - gWe5oPXPQ3XmEWlSa31doR4j2nc="`;

exports[`CAP PostgreSQL Adapter Timezone Handling should respect db users timezone settings 73`] = `"all - kTjdZfiiPc+sbBOps1XCuu0aYrM="`;

exports[`CAP PostgreSQL Adapter Timezone Handling should respect db users timezone settings 74`] = `"[{"collname":"en-x-icu"}]"`;

exports[`CAP PostgreSQL Adapter Timezone Handling should respect db users timezone settings 75`] = `"exec - swFX3mSaTpBcIO4VaMo4btiduC8="`;

exports[`CAP PostgreSQL Adapter Timezone Handling should respect db users timezone settings 76`] = `"{"command":"BEGIN","rowCount":null,"oid":null,"rows":[],"fields":[],"_types":{"_types":{"arrayParser":{},"builtins":{"BOOL":16,"BYTEA":17,"CHAR":18,"INT8":20,"INT2":21,"INT4":23,"REGPROC":24,"TEXT":25,"OID":26,"TID":27,"XID":28,"CID":29,"JSON":114,"XML":142,"PG_NODE_TREE":194,"SMGR":210,"PATH":602,"POLYGON":604,"CIDR":650,"FLOAT4":700,"FLOAT8":701,"ABSTIME":702,"RELTIME":703,"TINTERVAL":704,"CIRCLE":718,"MACADDR8":774,"MONEY":790,"MACADDR":829,"INET":869,"ACLITEM":1033,"BPCHAR":1042,"VARCHAR":1043,"DATE":1082,"TIME":1083,"TIMESTAMP":1114,"TIMESTAMPTZ":1184,"INTERVAL":1186,"TIMETZ":1266,"BIT":1560,"VARBIT":1562,"NUMERIC":1700,"REFCURSOR":1790,"REGPROCEDURE":2202,"REGOPER":2203,"REGOPERATOR":2204,"REGCLASS":2205,"REGTYPE":2206,"UUID":2950,"TXID_SNAPSHOT":2970,"PG_LSN":3220,"PG_NDISTINCT":3361,"PG_DEPENDENCIES":3402,"TSVECTOR":3614,"TSQUERY":3615,"GTSVECTOR":3642,"REGCONFIG":3734,"REGDICTIONARY":3769,"JSONB":3802,"REGNAMESPACE":4089,"REGROLE":4096}},"text":{},"binary":{}},"RowCtor":null,"rowAsArray":false}"`;

exports[`CAP PostgreSQL Adapter Timezone Handling should respect db users timezone settings 77`] = `"prepare - sbX0r7SqQcZcRGFcCnfSIf+aaM0="`;

exports[`CAP PostgreSQL Adapter Timezone Handling should respect db users timezone settings 78`] = `"run - QqTuuNbaPrVGby4cI6x+XjdDCgM="`;

exports[`CAP PostgreSQL Adapter Timezone Handling should respect db users timezone settings 79`] = `"{"changes":1}"`;

exports[`CAP PostgreSQL Adapter Timezone Handling should respect db users timezone settings 80`] = `"prepare - LWoZSMsbertpVFi5TxNNAo/lEQw="`;

exports[`CAP PostgreSQL Adapter Timezone Handling should respect db users timezone settings 81`] = `"all - tAne+hefMhWGIXfNnFZYbtRIuwg="`;

exports[`CAP PostgreSQL Adapter Timezone Handling should respect db users timezone settings 82`] = `"[{"_json_":{"ID":"9e1704e3-6fd0-4a5d-bfb1-13ac47f7976b","createdAt":"2000-01-01T00:00:00.000Z","createdBy":"anonymous","modifiedAt":"2000-01-01T00:00:00.000Z","modifiedBy":"anonymous","name":"Changed name","abv":null,"ibu":10,"brewery_ID":null}}]"`;

exports[`CAP PostgreSQL Adapter Timezone Handling should respect db users timezone settings 83`] = `"exec - mvfei0i6/P7jaJW/2LTxQWnJXeI="`;

exports[`CAP PostgreSQL Adapter Timezone Handling should respect db users timezone settings 84`] = `"{"command":"COMMIT","rowCount":null,"oid":null,"rows":[],"fields":[],"_types":{"_types":{"arrayParser":{},"builtins":{"BOOL":16,"BYTEA":17,"CHAR":18,"INT8":20,"INT2":21,"INT4":23,"REGPROC":24,"TEXT":25,"OID":26,"TID":27,"XID":28,"CID":29,"JSON":114,"XML":142,"PG_NODE_TREE":194,"SMGR":210,"PATH":602,"POLYGON":604,"CIDR":650,"FLOAT4":700,"FLOAT8":701,"ABSTIME":702,"RELTIME":703,"TINTERVAL":704,"CIRCLE":718,"MACADDR8":774,"MONEY":790,"MACADDR":829,"INET":869,"ACLITEM":1033,"BPCHAR":1042,"VARCHAR":1043,"DATE":1082,"TIME":1083,"TIMESTAMP":1114,"TIMESTAMPTZ":1184,"INTERVAL":1186,"TIMETZ":1266,"BIT":1560,"VARBIT":1562,"NUMERIC":1700,"REFCURSOR":1790,"REGPROCEDURE":2202,"REGOPER":2203,"REGOPERATOR":2204,"REGCLASS":2205,"REGTYPE":2206,"UUID":2950,"TXID_SNAPSHOT":2970,"PG_LSN":3220,"PG_NDISTINCT":3361,"PG_DEPENDENCIES":3402,"TSVECTOR":3614,"TSQUERY":3615,"GTSVECTOR":3642,"REGCONFIG":3734,"REGDICTIONARY":3769,"JSONB":3802,"REGNAMESPACE":4089,"REGROLE":4096}},"text":{},"binary":{}},"RowCtor":null,"rowAsArray":false}"`;

exports[`CAP PostgreSQL Adapter Timezone Handling should respect db users timezone settings 85`] = `"prepare - 8GgComOwv1DFdExn6TA8dk0FWQM="`;

exports[`CAP PostgreSQL Adapter Timezone Handling should respect db users timezone settings 86`] = `"run - 9z2CHRWtWTGaIw0lKt9VRiGR/p0="`;

exports[`CAP PostgreSQL Adapter Timezone Handling should respect db users timezone settings 87`] = `"{"changes":4}"`;

exports[`CAP PostgreSQL Adapter Timezone Handling should respect db users timezone settings 88`] = `"exec - tPJzcQ+ayFjooYpRKTUejyeGkeI="`;

exports[`CAP PostgreSQL Adapter Timezone Handling should respect db users timezone settings 89`] = `"{"command":"SET","rowCount":null,"oid":null,"rows":[],"fields":[],"_types":{"_types":{"arrayParser":{},"builtins":{"BOOL":16,"BYTEA":17,"CHAR":18,"INT8":20,"INT2":21,"INT4":23,"REGPROC":24,"TEXT":25,"OID":26,"TID":27,"XID":28,"CID":29,"JSON":114,"XML":142,"PG_NODE_TREE":194,"SMGR":210,"PATH":602,"POLYGON":604,"CIDR":650,"FLOAT4":700,"FLOAT8":701,"ABSTIME":702,"RELTIME":703,"TINTERVAL":704,"CIRCLE":718,"MACADDR8":774,"MONEY":790,"MACADDR":829,"INET":869,"ACLITEM":1033,"BPCHAR":1042,"VARCHAR":1043,"DATE":1082,"TIME":1083,"TIMESTAMP":1114,"TIMESTAMPTZ":1184,"INTERVAL":1186,"TIMETZ":1266,"BIT":1560,"VARBIT":1562,"NUMERIC":1700,"REFCURSOR":1790,"REGPROCEDURE":2202,"REGOPER":2203,"REGOPERATOR":2204,"REGCLASS":2205,"REGTYPE":2206,"UUID":2950,"TXID_SNAPSHOT":2970,"PG_LSN":3220,"PG_NDISTINCT":3361,"PG_DEPENDENCIES":3402,"TSVECTOR":3614,"TSQUERY":3615,"GTSVECTOR":3642,"REGCONFIG":3734,"REGDICTIONARY":3769,"JSONB":3802,"REGNAMESPACE":4089,"REGROLE":4096}},"text":{},"binary":{}},"RowCtor":null,"rowAsArray":false}"`;

exports[`CAP PostgreSQL Adapter Timezone Handling should respect db users timezone settings 90`] = `"prepare - gWe5oPXPQ3XmEWlSa31doR4j2nc="`;

exports[`CAP PostgreSQL Adapter Timezone Handling should respect db users timezone settings 91`] = `"all - kTjdZfiiPc+sbBOps1XCuu0aYrM="`;

exports[`CAP PostgreSQL Adapter Timezone Handling should respect db users timezone settings 92`] = `"[{"collname":"en-x-icu"}]"`;

exports[`CAP PostgreSQL Adapter Timezone Handling should respect db users timezone settings 93`] = `"exec - swFX3mSaTpBcIO4VaMo4btiduC8="`;

exports[`CAP PostgreSQL Adapter Timezone Handling should respect db users timezone settings 94`] = `"{"command":"BEGIN","rowCount":null,"oid":null,"rows":[],"fields":[],"_types":{"_types":{"arrayParser":{},"builtins":{"BOOL":16,"BYTEA":17,"CHAR":18,"INT8":20,"INT2":21,"INT4":23,"REGPROC":24,"TEXT":25,"OID":26,"TID":27,"XID":28,"CID":29,"JSON":114,"XML":142,"PG_NODE_TREE":194,"SMGR":210,"PATH":602,"POLYGON":604,"CIDR":650,"FLOAT4":700,"FLOAT8":701,"ABSTIME":702,"RELTIME":703,"TINTERVAL":704,"CIRCLE":718,"MACADDR8":774,"MONEY":790,"MACADDR":829,"INET":869,"ACLITEM":1033,"BPCHAR":1042,"VARCHAR":1043,"DATE":1082,"TIME":1083,"TIMESTAMP":1114,"TIMESTAMPTZ":1184,"INTERVAL":1186,"TIMETZ":1266,"BIT":1560,"VARBIT":1562,"NUMERIC":1700,"REFCURSOR":1790,"REGPROCEDURE":2202,"REGOPER":2203,"REGOPERATOR":2204,"REGCLASS":2205,"REGTYPE":2206,"UUID":2950,"TXID_SNAPSHOT":2970,"PG_LSN":3220,"PG_NDISTINCT":3361,"PG_DEPENDENCIES":3402,"TSVECTOR":3614,"TSQUERY":3615,"GTSVECTOR":3642,"REGCONFIG":3734,"REGDICTIONARY":3769,"JSONB":3802,"REGNAMESPACE":4089,"REGROLE":4096}},"text":{},"binary":{}},"RowCtor":null,"rowAsArray":false}"`;

exports[`CAP PostgreSQL Adapter Timezone Handling should respect db users timezone settings 95`] = `"prepare - LWoZSMsbertpVFi5TxNNAo/lEQw="`;

exports[`CAP PostgreSQL Adapter Timezone Handling should respect db users timezone settings 96`] = `"all - tAne+hefMhWGIXfNnFZYbtRIuwg="`;

exports[`CAP PostgreSQL Adapter Timezone Handling should respect db users timezone settings 97`] = `"[{"_json_":{"ID":"9e1704e3-6fd0-4a5d-bfb1-13ac47f7976b","createdAt":"2000-01-01T00:00:00.000Z","createdBy":"anonymous","modifiedAt":"2000-01-01T00:00:00.000Z","modifiedBy":"anonymous","name":"Changed name","abv":null,"ibu":10,"brewery_ID":null}}]"`;

exports[`CAP PostgreSQL Adapter Timezone Handling should respect db users timezone settings 98`] = `"exec - mvfei0i6/P7jaJW/2LTxQWnJXeI="`;

exports[`CAP PostgreSQL Adapter Timezone Handling should respect db users timezone settings 99`] = `"{"command":"COMMIT","rowCount":null,"oid":null,"rows":[],"fields":[],"_types":{"_types":{"arrayParser":{},"builtins":{"BOOL":16,"BYTEA":17,"CHAR":18,"INT8":20,"INT2":21,"INT4":23,"REGPROC":24,"TEXT":25,"OID":26,"TID":27,"XID":28,"CID":29,"JSON":114,"XML":142,"PG_NODE_TREE":194,"SMGR":210,"PATH":602,"POLYGON":604,"CIDR":650,"FLOAT4":700,"FLOAT8":701,"ABSTIME":702,"RELTIME":703,"TINTERVAL":704,"CIRCLE":718,"MACADDR8":774,"MONEY":790,"MACADDR":829,"INET":869,"ACLITEM":1033,"BPCHAR":1042,"VARCHAR":1043,"DATE":1082,"TIME":1083,"TIMESTAMP":1114,"TIMESTAMPTZ":1184,"INTERVAL":1186,"TIMETZ":1266,"BIT":1560,"VARBIT":1562,"NUMERIC":1700,"REFCURSOR":1790,"REGPROCEDURE":2202,"REGOPER":2203,"REGOPERATOR":2204,"REGCLASS":2205,"REGTYPE":2206,"UUID":2950,"TXID_SNAPSHOT":2970,"PG_LSN":3220,"PG_NDISTINCT":3361,"PG_DEPENDENCIES":3402,"TSVECTOR":3614,"TSQUERY":3615,"GTSVECTOR":3642,"REGCONFIG":3734,"REGDICTIONARY":3769,"JSONB":3802,"REGNAMESPACE":4089,"REGROLE":4096}},"text":{},"binary":{}},"RowCtor":null,"rowAsArray":false}"`;
