// Jest Snapshot v1, https://goo.gl/fbAQLP

exports[` 1`] = `"exec"`;

exports[` 2`] = `"BEGIN"`;

exports[` 3`] = `undefined`;
